This file contains any messages produced by compilers while
running configure, to aid debugging if configure makes a mistake.

It was created by cudd configure 3.0.0, which was
generated by GNU Autoconf 2.71.  Invocation command line was

  $ ./configure --enable-silent-rules --enable-obj --prefix=/home/quibuithanh/petri_net_project/cudd/local_install

## --------- ##
## Platform. ##
## --------- ##

hostname = DESKTOP-DMHLB5E
uname -m = x86_64
uname -r = 6.6.87.2-microsoft-standard-WSL2
uname -s = Linux
uname -v = #1 SMP PREEMPT_DYNAMIC Thu Jun  5 18:30:46 UTC 2025

/usr/bin/uname -p = x86_64
/bin/uname -X     = unknown

/bin/arch              = x86_64
/usr/bin/arch -k       = unknown
/usr/convex/getsysinfo = unknown
/usr/bin/hostinfo      = unknown
/bin/machine           = unknown
/usr/bin/oslevel       = unknown
/bin/universe          = unknown

PATH: /usr/local/sbin/
PATH: /usr/local/bin/
PATH: /usr/sbin/
PATH: /usr/bin/
PATH: /sbin/
PATH: /bin/
PATH: /usr/games/
PATH: /usr/local/games/
PATH: /usr/lib/wsl/lib/
PATH: /mnt/c/Program Files/WindowsApps/MicrosoftCorporationII.WindowsSubsystemForLinux_2.5.9.0_x64__8wekyb3d8bbwe/
PATH: /mnt/c/WINDOWS/system32/
PATH: /mnt/c/WINDOWS/
PATH: /mnt/c/WINDOWS/System32/Wbem/
PATH: /mnt/c/WINDOWS/System32/WindowsPowerShell/v1.0/
PATH: /mnt/c/WINDOWS/System32/OpenSSH/
PATH: /mnt/c/Program Files/Git/cmd/
PATH: /mnt/c/Program Files/dotnet/
PATH: /mnt/c/Users/BUI THANH QUI/AppData/Local/Programs/MiKTeX/miktex/bin/x64/
PATH: /mnt/c/Program Files/Docker/Docker/resources/bin/
PATH: /mnt/c/Users/BUI THANH QUI/.local/bin/
PATH: /mnt/c/Users/BUI THANH QUI/AppData/Local/Microsoft/WindowsApps/
PATH: /mnt/c/Users/BUI THANH QUI/AppData/Local/Programs/Microsoft VS Code/bin/
PATH: /mnt/c/msys64/ucrt64/bin/
PATH: /mnt/c/Users/BUI THANH QUI/manimations/.venv/Scripts/
PATH: /mnt/c/Strawberry/perl/bin/
PATH: /mnt/c/Users/BUI THANH QUI/AppData/Local/Programs/MiKTeX/miktex/bin/x64/
PATH: /snap/bin/


## ----------- ##
## Core tests. ##
## ----------- ##

configure:3079: looking for aux files: ltmain.sh ar-lib compile tap-driver.sh missing install-sh config.guess config.sub
configure:3092:  trying ./build-aux/
configure:3121:   ./build-aux/ltmain.sh found
configure:3121:   ./build-aux/ar-lib found
configure:3121:   ./build-aux/compile found
configure:3121:   ./build-aux/tap-driver.sh found
configure:3121:   ./build-aux/missing found
configure:3103:   ./build-aux/install-sh found
configure:3121:   ./build-aux/config.guess found
configure:3121:   ./build-aux/config.sub found
configure:3241: checking build system type
configure:3256: result: x86_64-unknown-linux-gnu
configure:3276: checking host system type
configure:3290: result: x86_64-unknown-linux-gnu
configure:3327: checking for a BSD-compatible install
configure:3400: result: /usr/bin/install -c
configure:3411: checking whether build environment is sane
configure:3466: result: yes
configure:3625: checking for a race-free mkdir -p
configure:3669: result: /usr/bin/mkdir -p
configure:3676: checking for gawk
configure:3697: found /usr/bin/gawk
configure:3708: result: gawk
configure:3719: checking whether make sets $(MAKE)
configure:3742: result: yes
configure:3772: checking whether make supports nested variables
configure:3790: result: yes
configure:4040: checking for gcc
configure:4061: found /usr/bin/gcc
configure:4072: result: gcc
configure:4425: checking for C compiler version
configure:4434: gcc --version >&5
gcc (Ubuntu 13.3.0-6ubuntu2~24.04) 13.3.0
Copyright (C) 2023 Free Software Foundation, Inc.
This is free software; see the source for copying conditions.  There is NO
warranty; not even for MERCHANTABILITY or FITNESS FOR A PARTICULAR PURPOSE.

configure:4445: $? = 0
configure:4434: gcc -v >&5
Using built-in specs.
COLLECT_GCC=gcc
COLLECT_LTO_WRAPPER=/usr/libexec/gcc/x86_64-linux-gnu/13/lto-wrapper
OFFLOAD_TARGET_NAMES=nvptx-none:amdgcn-amdhsa
OFFLOAD_TARGET_DEFAULT=1
Target: x86_64-linux-gnu
Configured with: ../src/configure -v --with-pkgversion='Ubuntu 13.3.0-6ubuntu2~24.04' --with-bugurl=file:///usr/share/doc/gcc-13/README.Bugs --enable-languages=c,ada,c++,go,d,fortran,objc,obj-c++,m2 --prefix=/usr --with-gcc-major-version-only --program-suffix=-13 --program-prefix=x86_64-linux-gnu- --enable-shared --enable-linker-build-id --libexecdir=/usr/libexec --without-included-gettext --enable-threads=posix --libdir=/usr/lib --enable-nls --enable-bootstrap --enable-clocale=gnu --enable-libstdcxx-debug --enable-libstdcxx-time=yes --with-default-libstdcxx-abi=new --enable-libstdcxx-backtrace --enable-gnu-unique-object --disable-vtable-verify --enable-plugin --enable-default-pie --with-system-zlib --enable-libphobos-checking=release --with-target-system-zlib=auto --enable-objc-gc=auto --enable-multiarch --disable-werror --enable-cet --with-arch-32=i686 --with-abi=m64 --with-multilib-list=m32,m64,mx32 --enable-multilib --with-tune=generic --enable-offload-targets=nvptx-none=/build/gcc-13-fG75Ri/gcc-13-13.3.0/debian/tmp-nvptx/usr,amdgcn-amdhsa=/build/gcc-13-fG75Ri/gcc-13-13.3.0/debian/tmp-gcn/usr --enable-offload-defaulted --without-cuda-driver --enable-checking=release --build=x86_64-linux-gnu --host=x86_64-linux-gnu --target=x86_64-linux-gnu --with-build-config=bootstrap-lto-lean --enable-link-serialization=2
Thread model: posix
Supported LTO compression algorithms: zlib zstd
gcc version 13.3.0 (Ubuntu 13.3.0-6ubuntu2~24.04) 
... rest of stderr output deleted ...
configure:4445: $? = 0
configure:4434: gcc -V >&5
gcc: error: unrecognized command-line option '-V'
gcc: fatal error: no input files
compilation terminated.
configure:4445: $? = 1
configure:4434: gcc -qversion >&5
gcc: error: unrecognized command-line option '-qversion'; did you mean '--version'?
gcc: fatal error: no input files
compilation terminated.
configure:4445: $? = 1
configure:4434: gcc -version >&5
gcc: error: unrecognized command-line option '-version'
gcc: fatal error: no input files
compilation terminated.
configure:4445: $? = 1
configure:4465: checking whether the C compiler works
configure:4487: gcc -Wall -Wextra -g -O3   conftest.c  >&5
configure:4491: $? = 0
configure:4541: result: yes
configure:4544: checking for C compiler default output file name
configure:4546: result: a.out
configure:4552: checking for suffix of executables
configure:4559: gcc -o conftest -Wall -Wextra -g -O3   conftest.c  >&5
configure:4563: $? = 0
configure:4586: result: 
configure:4608: checking whether we are cross compiling
configure:4616: gcc -o conftest -Wall -Wextra -g -O3   conftest.c  >&5
configure:4620: $? = 0
configure:4627: ./conftest
configure:4631: $? = 0
configure:4646: result: no
configure:4651: checking for suffix of object files
configure:4674: gcc -c -Wall -Wextra -g -O3  conftest.c >&5
configure:4678: $? = 0
configure:4700: result: o
configure:4704: checking whether the compiler supports GNU C
configure:4724: gcc -c -Wall -Wextra -g -O3  conftest.c >&5
configure:4724: $? = 0
configure:4734: result: yes
configure:4745: checking whether gcc accepts -g
configure:4766: gcc -c -g  conftest.c >&5
configure:4766: $? = 0
configure:4810: result: yes
configure:4830: checking for gcc option to enable C11 features
configure:4845: gcc  -c -Wall -Wextra -g -O3  conftest.c >&5
conftest.c:186:1: warning: '_Noreturn' is not at beginning of declaration [-Wold-style-declaration]
  186 | int _Noreturn does_not_return (void) { for (;;) continue; }
      | ^~~
configure:4845: $? = 0
configure:4863: result: none needed
configure:4979: checking whether gcc understands -c and -o together
configure:5002: gcc -c conftest.c -o conftest2.o
configure:5005: $? = 0
configure:5002: gcc -c conftest.c -o conftest2.o
configure:5005: $? = 0
configure:5017: result: yes
configure:5037: checking whether make supports the include directive
configure:5052: make -f confmf.GNU && cat confinc.out
this is the am__doit target
configure:5055: $? = 0
configure:5074: result: yes (GNU style)
configure:5100: checking dependency style of gcc
configure:5212: result: gcc3
configure:5296: checking for g++
configure:5317: found /usr/bin/g++
configure:5328: result: g++
configure:5355: checking for C++ compiler version
configure:5364: g++ --version >&5
g++ (Ubuntu 13.3.0-6ubuntu2~24.04) 13.3.0
Copyright (C) 2023 Free Software Foundation, Inc.
This is free software; see the source for copying conditions.  There is NO
warranty; not even for MERCHANTABILITY or FITNESS FOR A PARTICULAR PURPOSE.

configure:5375: $? = 0
configure:5364: g++ -v >&5
Using built-in specs.
COLLECT_GCC=g++
COLLECT_LTO_WRAPPER=/usr/libexec/gcc/x86_64-linux-gnu/13/lto-wrapper
OFFLOAD_TARGET_NAMES=nvptx-none:amdgcn-amdhsa
OFFLOAD_TARGET_DEFAULT=1
Target: x86_64-linux-gnu
Configured with: ../src/configure -v --with-pkgversion='Ubuntu 13.3.0-6ubuntu2~24.04' --with-bugurl=file:///usr/share/doc/gcc-13/README.Bugs --enable-languages=c,ada,c++,go,d,fortran,objc,obj-c++,m2 --prefix=/usr --with-gcc-major-version-only --program-suffix=-13 --program-prefix=x86_64-linux-gnu- --enable-shared --enable-linker-build-id --libexecdir=/usr/libexec --without-included-gettext --enable-threads=posix --libdir=/usr/lib --enable-nls --enable-bootstrap --enable-clocale=gnu --enable-libstdcxx-debug --enable-libstdcxx-time=yes --with-default-libstdcxx-abi=new --enable-libstdcxx-backtrace --enable-gnu-unique-object --disable-vtable-verify --enable-plugin --enable-default-pie --with-system-zlib --enable-libphobos-checking=release --with-target-system-zlib=auto --enable-objc-gc=auto --enable-multiarch --disable-werror --enable-cet --with-arch-32=i686 --with-abi=m64 --with-multilib-list=m32,m64,mx32 --enable-multilib --with-tune=generic --enable-offload-targets=nvptx-none=/build/gcc-13-fG75Ri/gcc-13-13.3.0/debian/tmp-nvptx/usr,amdgcn-amdhsa=/build/gcc-13-fG75Ri/gcc-13-13.3.0/debian/tmp-gcn/usr --enable-offload-defaulted --without-cuda-driver --enable-checking=release --build=x86_64-linux-gnu --host=x86_64-linux-gnu --target=x86_64-linux-gnu --with-build-config=bootstrap-lto-lean --enable-link-serialization=2
Thread model: posix
Supported LTO compression algorithms: zlib zstd
gcc version 13.3.0 (Ubuntu 13.3.0-6ubuntu2~24.04) 
... rest of stderr output deleted ...
configure:5375: $? = 0
configure:5364: g++ -V >&5
g++: error: unrecognized command-line option '-V'
g++: fatal error: no input files
compilation terminated.
configure:5375: $? = 1
configure:5364: g++ -qversion >&5
g++: error: unrecognized command-line option '-qversion'; did you mean '--version'?
g++: fatal error: no input files
compilation terminated.
configure:5375: $? = 1
configure:5379: checking whether the compiler supports GNU C++
configure:5399: g++ -c -Wall -Wextra -std=c++0x -g -O3  conftest.cpp >&5
configure:5399: $? = 0
configure:5409: result: yes
configure:5420: checking whether g++ accepts -g
configure:5441: g++ -c -g  conftest.cpp >&5
configure:5441: $? = 0
configure:5485: result: yes
configure:5505: checking for g++ option to enable C++11 features
configure:5520: g++  -c -Wall -Wextra -std=c++0x -g -O3  conftest.cpp >&5
conftest.cpp: In function 'int main(int, char**)':
conftest.cpp:134:8: warning: unused variable 'a1' [-Wunused-variable]
  134 |   auto a1 = 6538;
      |        ^~
conftest.cpp:141:16: warning: unused variable 'a4' [-Wunused-variable]
  141 |   decltype(a2) a4 = 34895.034;
      |                ^~
conftest.cpp:145:9: warning: unused variable 'sa' [-Wunused-variable]
  145 |   short sa[cxx11test::get_val()] = { 0 };
      |         ^~
conftest.cpp:149:23: warning: unused variable 'il' [-Wunused-variable]
  149 |   cxx11test::testinit il = { 4323, 435234.23544 };
      |                       ^~
conftest.cpp:170:8: warning: unused variable 'a' [-Wunused-variable]
  170 |   auto a = sum(1);
      |        ^
conftest.cpp:171:8: warning: unused variable 'b' [-Wunused-variable]
  171 |   auto b = sum(1, 2);
      |        ^
conftest.cpp:172:8: warning: unused variable 'c' [-Wunused-variable]
  172 |   auto c = sum(1.0, 2.0, 3.0);
      |        ^
conftest.cpp:177:25: warning: empty parentheses were disambiguated as a function declaration [-Wvexing-parse]
  177 |   cxx11test::delegate d2();
      |                         ^~
conftest.cpp:177:25: note: remove parentheses to default-initialize a variable
  177 |   cxx11test::delegate d2();
      |                         ^~
      |                         --
conftest.cpp:177:25: note: or replace parentheses with braces to value-initialize a variable
conftest.cpp:186:9: warning: unused variable 'c' [-Wunused-variable]
  186 |   char *c = nullptr;
      |         ^
conftest.cpp:194:15: warning: unused variable 'utf8' [-Wunused-variable]
  194 |   char const *utf8 = u8"UTF-8 string \u2500";
      |               ^~~~
conftest.cpp:195:19: warning: unused variable 'utf16' [-Wunused-variable]
  195 |   char16_t const *utf16 = u"UTF-8 string \u2500";
      |                   ^~~~~
conftest.cpp:196:19: warning: unused variable 'utf32' [-Wunused-variable]
  196 |   char32_t const *utf32 = U"UTF-32 string \u2500";
      |                   ^~~~~
configure:5520: $? = 0
configure:5538: result: none needed
configure:5604: checking dependency style of g++
configure:5716: result: gcc3
configure:5787: checking for ar
configure:5808: found /usr/bin/ar
configure:5819: result: ar
configure:5845: checking the archiver (ar) interface
configure:5862: gcc -c -Wall -Wextra -g -O3  conftest.c >&5
configure:5862: $? = 0
configure:5865: ar cru libconftest.a conftest.o >&5
ar: `u' modifier ignored since `D' is the default (see `U')
configure:5868: $? = 0
configure:5896: result: ar
configure:5964: checking how to print strings
configure:5991: result: printf
configure:6012: checking for a sed that does not truncate output
configure:6082: result: /usr/bin/sed
configure:6100: checking for grep that handles long lines and -e
configure:6164: result: /usr/bin/grep
configure:6169: checking for egrep
configure:6237: result: /usr/bin/grep -E
configure:6242: checking for fgrep
configure:6310: result: /usr/bin/grep -F
configure:6346: checking for ld used by gcc
configure:6414: result: /usr/bin/ld
configure:6421: checking if the linker (/usr/bin/ld) is GNU ld
configure:6437: result: yes
configure:6449: checking for BSD- or MS-compatible name lister (nm)
configure:6504: result: /usr/bin/nm -B
configure:6644: checking the name lister (/usr/bin/nm -B) interface
configure:6652: gcc -c -Wall -Wextra -g -O3  conftest.c >&5
configure:6655: /usr/bin/nm -B "conftest.o"
configure:6658: output
0000000000000000 B some_variable
configure:6665: result: BSD nm
configure:6668: checking whether ln -s works
configure:6672: result: yes
configure:6680: checking the maximum length of command line arguments
configure:6812: result: 1572864
configure:6860: checking how to convert x86_64-unknown-linux-gnu file names to x86_64-unknown-linux-gnu format
configure:6901: result: func_convert_file_noop
configure:6908: checking how to convert x86_64-unknown-linux-gnu file names to toolchain format
configure:6929: result: func_convert_file_noop
configure:6936: checking for /usr/bin/ld option to reload object files
configure:6944: result: -r
configure:7023: checking for file
configure:7044: found /usr/bin/file
configure:7055: result: file
configure:7131: checking for objdump
configure:7152: found /usr/bin/objdump
configure:7163: result: objdump
configure:7192: checking how to recognize dependent libraries
configure:7393: result: pass_all
configure:7483: checking for dlltool
configure:7518: result: no
configure:7545: checking how to associate runtime and link libraries
configure:7573: result: printf %s\n
configure:7723: checking for archiver @FILE support
configure:7741: gcc -c -Wall -Wextra -g -O3  conftest.c >&5
configure:7741: $? = 0
configure:7745: ar cr libconftest.a @conftest.lst >&5
configure:7748: $? = 0
configure:7753: ar cr libconftest.a @conftest.lst >&5
ar: conftest.o: No such file or directory
configure:7756: $? = 1
configure:7768: result: @
configure:7831: checking for strip
configure:7852: found /usr/bin/strip
configure:7863: result: strip
configure:7940: checking for ranlib
configure:7961: found /usr/bin/ranlib
configure:7972: result: ranlib
configure:8074: checking command to parse /usr/bin/nm -B output from gcc object
configure:8228: gcc -c -Wall -Wextra -g -O3  conftest.c >&5
configure:8231: $? = 0
configure:8235: /usr/bin/nm -B conftest.o | /usr/bin/sed -n -e 's/^.*[	 ]\([ABCDGIRSTW][ABCDGIRSTW]*\)[	 ][	 ]*\([_A-Za-z][_A-Za-z0-9]*\)$/\1 \2 \2/p' | /usr/bin/sed '/ __gnu_lto/d' > conftest.nm
configure:8301: gcc -o conftest -Wall -Wextra -g -O3   conftest.c conftstm.o >&5
configure:8304: $? = 0
configure:8342: result: ok
configure:8389: checking for sysroot
configure:8420: result: no
configure:8427: checking for a working dd
configure:8471: result: /usr/bin/dd
configure:8475: checking how to truncate binary pipes
configure:8491: result: /usr/bin/dd bs=4096 count=1
configure:8628: gcc -c -Wall -Wextra -g -O3  conftest.c >&5
configure:8631: $? = 0
configure:8828: checking for mt
configure:8863: result: no
configure:8883: checking if : is a manifest tool
configure:8890: : '-?'
configure:8898: result: no
configure:9623: checking for stdio.h
configure:9623: gcc -c -Wall -Wextra -g -O3  conftest.c >&5
configure:9623: $? = 0
configure:9623: result: yes
configure:9623: checking for stdlib.h
configure:9623: gcc -c -Wall -Wextra -g -O3  conftest.c >&5
configure:9623: $? = 0
configure:9623: result: yes
configure:9623: checking for string.h
configure:9623: gcc -c -Wall -Wextra -g -O3  conftest.c >&5
configure:9623: $? = 0
configure:9623: result: yes
configure:9623: checking for inttypes.h
configure:9623: gcc -c -Wall -Wextra -g -O3  conftest.c >&5
configure:9623: $? = 0
configure:9623: result: yes
configure:9623: checking for stdint.h
configure:9623: gcc -c -Wall -Wextra -g -O3  conftest.c >&5
configure:9623: $? = 0
configure:9623: result: yes
configure:9623: checking for strings.h
configure:9623: gcc -c -Wall -Wextra -g -O3  conftest.c >&5
configure:9623: $? = 0
configure:9623: result: yes
configure:9623: checking for sys/stat.h
configure:9623: gcc -c -Wall -Wextra -g -O3  conftest.c >&5
configure:9623: $? = 0
configure:9623: result: yes
configure:9623: checking for sys/types.h
configure:9623: gcc -c -Wall -Wextra -g -O3  conftest.c >&5
configure:9623: $? = 0
configure:9623: result: yes
configure:9623: checking for unistd.h
configure:9623: gcc -c -Wall -Wextra -g -O3  conftest.c >&5
configure:9623: $? = 0
configure:9623: result: yes
configure:9648: checking for dlfcn.h
configure:9648: gcc -c -Wall -Wextra -g -O3  conftest.c >&5
configure:9648: $? = 0
configure:9648: result: yes
configure:10245: checking for objdir
configure:10261: result: .libs
configure:10525: checking if gcc supports -fno-rtti -fno-exceptions
configure:10544: gcc -c -Wall -Wextra -g -O3  -fno-rtti -fno-exceptions conftest.c >&5
cc1: warning: command-line option '-fno-rtti' is valid for C++/D/ObjC++ but not for C
configure:10548: $? = 0
configure:10561: result: no
configure:10925: checking for gcc option to produce PIC
configure:10933: result: -fPIC -DPIC
configure:10941: checking if gcc PIC flag -fPIC -DPIC works
configure:10960: gcc -c -Wall -Wextra -g -O3  -fPIC -DPIC -DPIC conftest.c >&5
configure:10964: $? = 0
configure:10977: result: yes
configure:11006: checking if gcc static flag -static works
configure:11035: result: yes
configure:11050: checking if gcc supports -c -o file.o
configure:11072: gcc -c -Wall -Wextra -g -O3  -o out/conftest2.o conftest.c >&5
configure:11076: $? = 0
configure:11098: result: yes
configure:11106: checking if gcc supports -c -o file.o
configure:11154: result: yes
configure:11187: checking whether the gcc linker (/usr/bin/ld -m elf_x86_64) supports shared libraries
configure:12461: result: yes
configure:12702: checking dynamic linker characteristics
configure:13284: gcc -o conftest -Wall -Wextra -g -O3   -Wl,-rpath -Wl,/foo conftest.c  >&5
configure:13284: $? = 0
configure:13535: result: GNU/Linux ld.so
configure:13657: checking how to hardcode library paths into programs
configure:13682: result: immediate
configure:14234: checking whether stripping libraries is possible
configure:14243: result: yes
configure:14285: checking if libtool supports shared libraries
configure:14287: result: yes
configure:14290: checking whether to build shared libraries
configure:14315: result: no
configure:14318: checking whether to build static libraries
configure:14322: result: yes
configure:14345: checking how to run the C++ preprocessor
configure:14367: g++ -E  conftest.cpp
configure:14367: $? = 0
configure:14382: g++ -E  conftest.cpp
conftest.cpp:23:10: fatal error: ac_nonexistent.h: No such file or directory
   23 | #include <ac_nonexistent.h>
      |          ^~~~~~~~~~~~~~~~~~
compilation terminated.
configure:14382: $? = 1
configure: failed program was:
| /* confdefs.h */
| #define PACKAGE_NAME "cudd"
| #define PACKAGE_TARNAME "cudd"
| #define PACKAGE_VERSION "3.0.0"
| #define PACKAGE_STRING "cudd 3.0.0"
| #define PACKAGE_BUGREPORT "Fabio@Colorado.EDU"
| #define PACKAGE_URL ""
| #define PACKAGE "cudd"
| #define VERSION "3.0.0"
| #define HAVE_STDIO_H 1
| #define HAVE_STDLIB_H 1
| #define HAVE_STRING_H 1
| #define HAVE_INTTYPES_H 1
| #define HAVE_STDINT_H 1
| #define HAVE_STRINGS_H 1
| #define HAVE_SYS_STAT_H 1
| #define HAVE_SYS_TYPES_H 1
| #define HAVE_UNISTD_H 1
| #define STDC_HEADERS 1
| #define HAVE_DLFCN_H 1
| #define LT_OBJDIR ".libs/"
| /* end confdefs.h.  */
| #include <ac_nonexistent.h>
configure:14409: result: g++ -E
configure:14423: g++ -E  conftest.cpp
configure:14423: $? = 0
configure:14438: g++ -E  conftest.cpp
conftest.cpp:23:10: fatal error: ac_nonexistent.h: No such file or directory
   23 | #include <ac_nonexistent.h>
      |          ^~~~~~~~~~~~~~~~~~
compilation terminated.
configure:14438: $? = 1
configure: failed program was:
| /* confdefs.h */
| #define PACKAGE_NAME "cudd"
| #define PACKAGE_TARNAME "cudd"
| #define PACKAGE_VERSION "3.0.0"
| #define PACKAGE_STRING "cudd 3.0.0"
| #define PACKAGE_BUGREPORT "Fabio@Colorado.EDU"
| #define PACKAGE_URL ""
| #define PACKAGE "cudd"
| #define VERSION "3.0.0"
| #define HAVE_STDIO_H 1
| #define HAVE_STDLIB_H 1
| #define HAVE_STRING_H 1
| #define HAVE_INTTYPES_H 1
| #define HAVE_STDINT_H 1
| #define HAVE_STRINGS_H 1
| #define HAVE_SYS_STAT_H 1
| #define HAVE_SYS_TYPES_H 1
| #define HAVE_UNISTD_H 1
| #define STDC_HEADERS 1
| #define HAVE_DLFCN_H 1
| #define LT_OBJDIR ".libs/"
| /* end confdefs.h.  */
| #include <ac_nonexistent.h>
configure:14603: checking for ld used by g++
configure:14671: result: /usr/bin/ld -m elf_x86_64
configure:14678: checking if the linker (/usr/bin/ld -m elf_x86_64) is GNU ld
configure:14694: result: yes
configure:14749: checking whether the g++ linker (/usr/bin/ld -m elf_x86_64) supports shared libraries
configure:15827: result: yes
configure:15863: g++ -c -Wall -Wextra -std=c++0x -g -O3  conftest.cpp >&5
configure:15866: $? = 0
configure:16347: checking for g++ option to produce PIC
configure:16355: result: -fPIC -DPIC
configure:16363: checking if g++ PIC flag -fPIC -DPIC works
configure:16382: g++ -c -Wall -Wextra -std=c++0x -g -O3  -fPIC -DPIC -DPIC conftest.cpp >&5
configure:16386: $? = 0
configure:16399: result: yes
configure:16422: checking if g++ static flag -static works
configure:16451: result: yes
configure:16463: checking if g++ supports -c -o file.o
configure:16485: g++ -c -Wall -Wextra -std=c++0x -g -O3  -o out/conftest2.o conftest.cpp >&5
configure:16489: $? = 0
configure:16511: result: yes
configure:16516: checking if g++ supports -c -o file.o
configure:16564: result: yes
configure:16594: checking whether the g++ linker (/usr/bin/ld -m elf_x86_64) supports shared libraries
configure:16637: result: yes
configure:16779: checking dynamic linker characteristics
configure:17539: result: GNU/Linux ld.so
configure:17604: checking how to hardcode library paths into programs
configure:17629: result: immediate
configure:17696: checking whether byte ordering is bigendian
configure:17712: gcc -c -Wall -Wextra -g -O3  conftest.c >&5
conftest.c:24:16: error: unknown type name 'not'
   24 |                not a universal capable compiler
      |                ^~~
conftest.c:24:22: error: expected '=', ',', ';', 'asm' or '__attribute__' before 'universal'
   24 |                not a universal capable compiler
      |                      ^~~~~~~~~
conftest.c:24:22: error: unknown type name 'universal'
configure:17712: $? = 1
configure: failed program was:
| /* confdefs.h */
| #define PACKAGE_NAME "cudd"
| #define PACKAGE_TARNAME "cudd"
| #define PACKAGE_VERSION "3.0.0"
| #define PACKAGE_STRING "cudd 3.0.0"
| #define PACKAGE_BUGREPORT "Fabio@Colorado.EDU"
| #define PACKAGE_URL ""
| #define PACKAGE "cudd"
| #define VERSION "3.0.0"
| #define HAVE_STDIO_H 1
| #define HAVE_STDLIB_H 1
| #define HAVE_STRING_H 1
| #define HAVE_INTTYPES_H 1
| #define HAVE_STDINT_H 1
| #define HAVE_STRINGS_H 1
| #define HAVE_SYS_STAT_H 1
| #define HAVE_SYS_TYPES_H 1
| #define HAVE_UNISTD_H 1
| #define STDC_HEADERS 1
| #define HAVE_DLFCN_H 1
| #define LT_OBJDIR ".libs/"
| /* end confdefs.h.  */
| #ifndef __APPLE_CC__
| 	       not a universal capable compiler
| 	     #endif
| 	     typedef int dummy;
| 
configure:17758: gcc -c -Wall -Wextra -g -O3  conftest.c >&5
configure:17758: $? = 0
configure:17777: gcc -c -Wall -Wextra -g -O3  conftest.c >&5
conftest.c: In function 'main':
conftest.c:30:18: error: unknown type name 'not'; did you mean 'ino_t'?
   30 |                  not big endian
      |                  ^~~
      |                  ino_t
conftest.c:30:26: error: expected '=', ',', ';', 'asm' or '__attribute__' before 'endian'
   30 |                  not big endian
      |                          ^~~~~~
configure:17777: $? = 1
configure: failed program was:
| /* confdefs.h */
| #define PACKAGE_NAME "cudd"
| #define PACKAGE_TARNAME "cudd"
| #define PACKAGE_VERSION "3.0.0"
| #define PACKAGE_STRING "cudd 3.0.0"
| #define PACKAGE_BUGREPORT "Fabio@Colorado.EDU"
| #define PACKAGE_URL ""
| #define PACKAGE "cudd"
| #define VERSION "3.0.0"
| #define HAVE_STDIO_H 1
| #define HAVE_STDLIB_H 1
| #define HAVE_STRING_H 1
| #define HAVE_INTTYPES_H 1
| #define HAVE_STDINT_H 1
| #define HAVE_STRINGS_H 1
| #define HAVE_SYS_STAT_H 1
| #define HAVE_SYS_TYPES_H 1
| #define HAVE_UNISTD_H 1
| #define STDC_HEADERS 1
| #define HAVE_DLFCN_H 1
| #define LT_OBJDIR ".libs/"
| /* end confdefs.h.  */
| #include <sys/types.h>
| 		#include <sys/param.h>
| 
| int
| main (void)
| {
| #if BYTE_ORDER != BIG_ENDIAN
| 		 not big endian
| 		#endif
| 
|   ;
|   return 0;
| }
configure:17911: result: no
configure:17943: checking for doxygen
configure:17978: result: no
configure:17987: WARNING: Doxygen not found - continuing without Doxygen support
configure:18007: checking for pdflatex
configure:18042: result: no
configure:18051: WARNING: pdflatex not found - unable to compile manual to PDF
configure:18058: checking for makeindex
configure:18093: result: no
configure:18102: WARNING: makeindex not found - unable to compile manual to PDF
configure:18120: checking for library containing pow
configure:18150: gcc -o conftest -Wall -Wextra -g -O3   conftest.c  >&5
conftest.c:27:6: warning: conflicting types for built-in function 'pow'; expected 'double(double,  double)' [-Wbuiltin-declaration-mismatch]
   27 | char pow ();
      |      ^~~
conftest.c:1:1: note: 'pow' is declared in header '<math.h>'
    1 | /* confdefs.h */
/usr/bin/ld: /tmp/cciTOidb.o: in function `main':
/home/quibuithanh/petri_net_project/cudd/conftest.c:31:(.text.startup+0xb): undefined reference to `pow'
collect2: error: ld returned 1 exit status
configure:18150: $? = 1
configure: failed program was:
| /* confdefs.h */
| #define PACKAGE_NAME "cudd"
| #define PACKAGE_TARNAME "cudd"
| #define PACKAGE_VERSION "3.0.0"
| #define PACKAGE_STRING "cudd 3.0.0"
| #define PACKAGE_BUGREPORT "Fabio@Colorado.EDU"
| #define PACKAGE_URL ""
| #define PACKAGE "cudd"
| #define VERSION "3.0.0"
| #define HAVE_STDIO_H 1
| #define HAVE_STDLIB_H 1
| #define HAVE_STRING_H 1
| #define HAVE_INTTYPES_H 1
| #define HAVE_STDINT_H 1
| #define HAVE_STRINGS_H 1
| #define HAVE_SYS_STAT_H 1
| #define HAVE_SYS_TYPES_H 1
| #define HAVE_UNISTD_H 1
| #define STDC_HEADERS 1
| #define HAVE_DLFCN_H 1
| #define LT_OBJDIR ".libs/"
| /* end confdefs.h.  */
| 
| /* Override any GCC internal prototype to avoid an error.
|    Use char because int might match the return type of a GCC
|    builtin and then its argument prototype would still apply.  */
| char pow ();
| int
| main (void)
| {
| return pow ();
|   ;
|   return 0;
| }
configure:18150: gcc -o conftest -Wall -Wextra -g -O3   conftest.c -lm   >&5
conftest.c:27:6: warning: conflicting types for built-in function 'pow'; expected 'double(double,  double)' [-Wbuiltin-declaration-mismatch]
   27 | char pow ();
      |      ^~~
conftest.c:1:1: note: 'pow' is declared in header '<math.h>'
    1 | /* confdefs.h */
configure:18150: $? = 0
configure:18170: result: -lm
configure:18179: checking for pthread_create in -lpthread
configure:18202: gcc -o conftest -Wall -Wextra -g -O3   conftest.c -lpthread  -lm  >&5
configure:18202: $? = 0
configure:18212: result: yes
configure:18230: checking for library containing WSAStartup
configure:18260: gcc -o conftest -Wall -Wextra -g -O3   conftest.c -lm  >&5
/usr/bin/ld: /tmp/ccY83KlM.o: in function `main':
/home/quibuithanh/petri_net_project/cudd/conftest.c:31:(.text.startup+0xb): undefined reference to `WSAStartup'
collect2: error: ld returned 1 exit status
configure:18260: $? = 1
configure: failed program was:
| /* confdefs.h */
| #define PACKAGE_NAME "cudd"
| #define PACKAGE_TARNAME "cudd"
| #define PACKAGE_VERSION "3.0.0"
| #define PACKAGE_STRING "cudd 3.0.0"
| #define PACKAGE_BUGREPORT "Fabio@Colorado.EDU"
| #define PACKAGE_URL ""
| #define PACKAGE "cudd"
| #define VERSION "3.0.0"
| #define HAVE_STDIO_H 1
| #define HAVE_STDLIB_H 1
| #define HAVE_STRING_H 1
| #define HAVE_INTTYPES_H 1
| #define HAVE_STDINT_H 1
| #define HAVE_STRINGS_H 1
| #define HAVE_SYS_STAT_H 1
| #define HAVE_SYS_TYPES_H 1
| #define HAVE_UNISTD_H 1
| #define STDC_HEADERS 1
| #define HAVE_DLFCN_H 1
| #define LT_OBJDIR ".libs/"
| /* end confdefs.h.  */
| 
| /* Override any GCC internal prototype to avoid an error.
|    Use char because int might match the return type of a GCC
|    builtin and then its argument prototype would still apply.  */
| char WSAStartup ();
| int
| main (void)
| {
| return WSAStartup ();
|   ;
|   return 0;
| }
configure:18260: gcc -o conftest -Wall -Wextra -g -O3   conftest.c -lws2_32  -lm  >&5
/usr/bin/ld: cannot find -lws2_32: No such file or directory
collect2: error: ld returned 1 exit status
configure:18260: $? = 1
configure: failed program was:
| /* confdefs.h */
| #define PACKAGE_NAME "cudd"
| #define PACKAGE_TARNAME "cudd"
| #define PACKAGE_VERSION "3.0.0"
| #define PACKAGE_STRING "cudd 3.0.0"
| #define PACKAGE_BUGREPORT "Fabio@Colorado.EDU"
| #define PACKAGE_URL ""
| #define PACKAGE "cudd"
| #define VERSION "3.0.0"
| #define HAVE_STDIO_H 1
| #define HAVE_STDLIB_H 1
| #define HAVE_STRING_H 1
| #define HAVE_INTTYPES_H 1
| #define HAVE_STDINT_H 1
| #define HAVE_STRINGS_H 1
| #define HAVE_SYS_STAT_H 1
| #define HAVE_SYS_TYPES_H 1
| #define HAVE_UNISTD_H 1
| #define STDC_HEADERS 1
| #define HAVE_DLFCN_H 1
| #define LT_OBJDIR ".libs/"
| /* end confdefs.h.  */
| 
| /* Override any GCC internal prototype to avoid an error.
|    Use char because int might match the return type of a GCC
|    builtin and then its argument prototype would still apply.  */
| char WSAStartup ();
| int
| main (void)
| {
| return WSAStartup ();
|   ;
|   return 0;
| }
configure:18280: result: no
configure:18289: checking for library containing GetProcessMemoryInfo
configure:18319: gcc -o conftest -Wall -Wextra -g -O3   conftest.c -lm  >&5
/usr/bin/ld: /tmp/ccNRw3m6.o: in function `main':
/home/quibuithanh/petri_net_project/cudd/conftest.c:31:(.text.startup+0xb): undefined reference to `GetProcessMemoryInfo'
collect2: error: ld returned 1 exit status
configure:18319: $? = 1
configure: failed program was:
| /* confdefs.h */
| #define PACKAGE_NAME "cudd"
| #define PACKAGE_TARNAME "cudd"
| #define PACKAGE_VERSION "3.0.0"
| #define PACKAGE_STRING "cudd 3.0.0"
| #define PACKAGE_BUGREPORT "Fabio@Colorado.EDU"
| #define PACKAGE_URL ""
| #define PACKAGE "cudd"
| #define VERSION "3.0.0"
| #define HAVE_STDIO_H 1
| #define HAVE_STDLIB_H 1
| #define HAVE_STRING_H 1
| #define HAVE_INTTYPES_H 1
| #define HAVE_STDINT_H 1
| #define HAVE_STRINGS_H 1
| #define HAVE_SYS_STAT_H 1
| #define HAVE_SYS_TYPES_H 1
| #define HAVE_UNISTD_H 1
| #define STDC_HEADERS 1
| #define HAVE_DLFCN_H 1
| #define LT_OBJDIR ".libs/"
| /* end confdefs.h.  */
| 
| /* Override any GCC internal prototype to avoid an error.
|    Use char because int might match the return type of a GCC
|    builtin and then its argument prototype would still apply.  */
| char GetProcessMemoryInfo ();
| int
| main (void)
| {
| return GetProcessMemoryInfo ();
|   ;
|   return 0;
| }
configure:18319: gcc -o conftest -Wall -Wextra -g -O3   conftest.c -lpsapi  -lm  >&5
/usr/bin/ld: cannot find -lpsapi: No such file or directory
collect2: error: ld returned 1 exit status
configure:18319: $? = 1
configure: failed program was:
| /* confdefs.h */
| #define PACKAGE_NAME "cudd"
| #define PACKAGE_TARNAME "cudd"
| #define PACKAGE_VERSION "3.0.0"
| #define PACKAGE_STRING "cudd 3.0.0"
| #define PACKAGE_BUGREPORT "Fabio@Colorado.EDU"
| #define PACKAGE_URL ""
| #define PACKAGE "cudd"
| #define VERSION "3.0.0"
| #define HAVE_STDIO_H 1
| #define HAVE_STDLIB_H 1
| #define HAVE_STRING_H 1
| #define HAVE_INTTYPES_H 1
| #define HAVE_STDINT_H 1
| #define HAVE_STRINGS_H 1
| #define HAVE_SYS_STAT_H 1
| #define HAVE_SYS_TYPES_H 1
| #define HAVE_UNISTD_H 1
| #define STDC_HEADERS 1
| #define HAVE_DLFCN_H 1
| #define LT_OBJDIR ".libs/"
| /* end confdefs.h.  */
| 
| /* Override any GCC internal prototype to avoid an error.
|    Use char because int might match the return type of a GCC
|    builtin and then its argument prototype would still apply.  */
| char GetProcessMemoryInfo ();
| int
| main (void)
| {
| return GetProcessMemoryInfo ();
|   ;
|   return 0;
| }
configure:18339: result: no
configure:18354: checking for float.h
configure:18354: gcc -c -Wall -Wextra -g -O3  conftest.c >&5
configure:18354: $? = 0
configure:18354: result: yes
configure:18354: checking for inttypes.h
configure:18354: result: yes
configure:18354: checking for limits.h
configure:18354: gcc -c -Wall -Wextra -g -O3  conftest.c >&5
configure:18354: $? = 0
configure:18354: result: yes
configure:18354: checking for stddef.h
configure:18354: gcc -c -Wall -Wextra -g -O3  conftest.c >&5
configure:18354: $? = 0
configure:18354: result: yes
configure:18354: checking for stdlib.h
configure:18354: result: yes
configure:18354: checking for string.h
configure:18354: result: yes
configure:18354: checking for assert.h
configure:18354: gcc -c -Wall -Wextra -g -O3  conftest.c >&5
configure:18354: $? = 0
configure:18354: result: yes
configure:18354: checking for math.h
configure:18354: gcc -c -Wall -Wextra -g -O3  conftest.c >&5
configure:18354: $? = 0
configure:18354: result: yes
configure:18370: checking for unistd.h
configure:18370: result: yes
configure:18376: checking for sys/time.h
configure:18376: gcc -c -Wall -Wextra -g -O3  conftest.c >&5
configure:18376: $? = 0
configure:18376: result: yes
configure:18382: checking for sys/times.h
configure:18382: gcc -c -Wall -Wextra -g -O3  conftest.c >&5
configure:18382: $? = 0
configure:18382: result: yes
configure:18388: checking for sys/resource.h
configure:18388: gcc -c -Wall -Wextra -g -O3  conftest.c >&5
configure:18388: $? = 0
configure:18388: result: yes
configure:18394: checking for sys/wait.h
configure:18394: gcc -c -Wall -Wextra -g -O3  conftest.c >&5
configure:18394: $? = 0
configure:18394: result: yes
configure:18402: checking for working C++ thread header
configure:18421: g++ -c -Wall -Wextra -std=c++0x -g -O3  conftest.cpp >&5
configure:18421: $? = 0
configure:18435: result: yes
configure:18446: checking for _Bool
configure:18446: gcc -c -Wall -Wextra -g -O3  conftest.c >&5
configure:18446: $? = 0
configure:18446: gcc -c -Wall -Wextra -g -O3  conftest.c >&5
conftest.c: In function 'main':
conftest.c:68:20: error: expected expression before ')' token
   68 | if (sizeof ((_Bool)))
      |                    ^
configure:18446: $? = 1
configure: failed program was:
| /* confdefs.h */
| #define PACKAGE_NAME "cudd"
| #define PACKAGE_TARNAME "cudd"
| #define PACKAGE_VERSION "3.0.0"
| #define PACKAGE_STRING "cudd 3.0.0"
| #define PACKAGE_BUGREPORT "Fabio@Colorado.EDU"
| #define PACKAGE_URL ""
| #define PACKAGE "cudd"
| #define VERSION "3.0.0"
| #define HAVE_STDIO_H 1
| #define HAVE_STDLIB_H 1
| #define HAVE_STRING_H 1
| #define HAVE_INTTYPES_H 1
| #define HAVE_STDINT_H 1
| #define HAVE_STRINGS_H 1
| #define HAVE_SYS_STAT_H 1
| #define HAVE_SYS_TYPES_H 1
| #define HAVE_UNISTD_H 1
| #define STDC_HEADERS 1
| #define HAVE_DLFCN_H 1
| #define LT_OBJDIR ".libs/"
| #define HAVE_FLOAT_H 1
| #define HAVE_INTTYPES_H 1
| #define HAVE_LIMITS_H 1
| #define HAVE_STDDEF_H 1
| #define HAVE_STDLIB_H 1
| #define HAVE_STRING_H 1
| #define HAVE_ASSERT_H 1
| #define HAVE_MATH_H 1
| #define HAVE_UNISTD_H 1
| #define HAVE_SYS_TIME_H 1
| #define HAVE_SYS_TIMES_H 1
| #define HAVE_SYS_RESOURCE_H 1
| #define HAVE_SYS_WAIT_H 1
| #define HAVE_WORKING_THREAD 1
| /* end confdefs.h.  */
| #include <stddef.h>
| #ifdef HAVE_STDIO_H
| # include <stdio.h>
| #endif
| #ifdef HAVE_STDLIB_H
| # include <stdlib.h>
| #endif
| #ifdef HAVE_STRING_H
| # include <string.h>
| #endif
| #ifdef HAVE_INTTYPES_H
| # include <inttypes.h>
| #endif
| #ifdef HAVE_STDINT_H
| # include <stdint.h>
| #endif
| #ifdef HAVE_STRINGS_H
| # include <strings.h>
| #endif
| #ifdef HAVE_SYS_TYPES_H
| # include <sys/types.h>
| #endif
| #ifdef HAVE_SYS_STAT_H
| # include <sys/stat.h>
| #endif
| #ifdef HAVE_UNISTD_H
| # include <unistd.h>
| #endif
| int
| main (void)
| {
| if (sizeof ((_Bool)))
| 	    return 0;
|   ;
|   return 0;
| }
configure:18446: result: yes
configure:18455: checking for stdbool.h that conforms to C99
configure:18571: gcc -c -Wall -Wextra -g -O3  conftest.c >&5
conftest.c: In function 'main':
conftest.c:123:14: warning: the address of 's' will always evaluate as 'true' [-Waddress]
  123 |              bool ps = &s;
      |              ^~~~
conftest.c:128:16: warning: the address of 't' will always evaluate as 'true' [-Waddress]
  128 |                _Bool pt = &t;
      |                ^~~~~
conftest.c:135:22: warning: the address of 'a' will always evaluate as 'true' [-Waddress]
  135 |              return (!a + !b + !c + !d + !e + !f + !g + !h + !i + !j + !k
      |                      ^
conftest.c:135:27: warning: the address of 'b' will always evaluate as 'true' [-Waddress]
  135 |              return (!a + !b + !c + !d + !e + !f + !g + !h + !i + !j + !k
      |                           ^
conftest.c:135:32: warning: the address of 'c' will always evaluate as 'true' [-Waddress]
  135 |              return (!a + !b + !c + !d + !e + !f + !g + !h + !i + !j + !k
      |                                ^
conftest.c:135:37: warning: the address of 'd' will always evaluate as 'true' [-Waddress]
  135 |              return (!a + !b + !c + !d + !e + !f + !g + !h + !i + !j + !k
      |                                     ^
conftest.c:135:62: warning: the address of 'i' will always evaluate as 'true' [-Waddress]
  135 |              return (!a + !b + !c + !d + !e + !f + !g + !h + !i + !j + !k
      |                                                              ^
conftest.c:135:67: warning: the address of 'j' will always evaluate as 'true' [-Waddress]
  135 |              return (!a + !b + !c + !d + !e + !f + !g + !h + !i + !j + !k
      |                                                                   ^
conftest.c:135:72: warning: the address of 'k' will always evaluate as 'true' [-Waddress]
  135 |              return (!a + !b + !c + !d + !e + !f + !g + !h + !i + !j + !k
      |                                                                        ^
conftest.c:136:24: warning: the address of 'l' will always evaluate as 'true' [-Waddress]
  136 |                      + !l + !m + !n + !o + !p + !pp + !ps
      |                        ^
conftest.c:136:29: warning: the address of 'm' will always evaluate as 'true' [-Waddress]
  136 |                      + !l + !m + !n + !o + !p + !pp + !ps
      |                             ^
conftest.c:136:34: warning: the address of 'n' will always evaluate as 'true' [-Waddress]
  136 |                      + !l + !m + !n + !o + !p + !pp + !ps
      |                                  ^
conftest.c:136:39: warning: the address of 'o' will always evaluate as 'true' [-Waddress]
  136 |                      + !l + !m + !n + !o + !p + !pp + !ps
      |                                       ^
conftest.c:138:24: warning: the address of 'q' will always evaluate as 'true' [-Waddress]
  138 |                      + !q + !r + !u + !v + !w + !x + !y + !z + !pt
      |                        ^
conftest.c:138:29: warning: the address of 'r' will always evaluate as 'true' [-Waddress]
  138 |                      + !q + !r + !u + !v + !w + !x + !y + !z + !pt
      |                             ^
conftest.c:138:34: warning: the address of 'u' will always evaluate as 'true' [-Waddress]
  138 |                      + !q + !r + !u + !v + !w + !x + !y + !z + !pt
      |                                  ^
conftest.c:138:39: warning: the address of 'v' will always evaluate as 'true' [-Waddress]
  138 |                      + !q + !r + !u + !v + !w + !x + !y + !z + !pt
      |                                       ^
conftest.c:138:44: warning: the address of 'w' will always evaluate as 'true' [-Waddress]
  138 |                      + !q + !r + !u + !v + !w + !x + !y + !z + !pt
      |                                            ^
conftest.c:138:49: warning: the address of 'x' will always evaluate as 'true' [-Waddress]
  138 |                      + !q + !r + !u + !v + !w + !x + !y + !z + !pt
      |                                                 ^
conftest.c:138:54: warning: the address of 'y' will always evaluate as 'true' [-Waddress]
  138 |                      + !q + !r + !u + !v + !w + !x + !y + !z + !pt
      |                                                      ^
configure:18571: $? = 0
configure:18579: result: yes
configure:18582: checking for inline
configure:18599: gcc -c -Wall -Wextra -g -O3  conftest.c >&5
configure:18599: $? = 0
configure:18608: result: inline
configure:18626: checking for size_t
configure:18626: gcc -c -Wall -Wextra -g -O3  conftest.c >&5
configure:18626: $? = 0
configure:18626: gcc -c -Wall -Wextra -g -O3  conftest.c >&5
conftest.c: In function 'main':
conftest.c:69:21: error: expected expression before ')' token
   69 | if (sizeof ((size_t)))
      |                     ^
configure:18626: $? = 1
configure: failed program was:
| /* confdefs.h */
| #define PACKAGE_NAME "cudd"
| #define PACKAGE_TARNAME "cudd"
| #define PACKAGE_VERSION "3.0.0"
| #define PACKAGE_STRING "cudd 3.0.0"
| #define PACKAGE_BUGREPORT "Fabio@Colorado.EDU"
| #define PACKAGE_URL ""
| #define PACKAGE "cudd"
| #define VERSION "3.0.0"
| #define HAVE_STDIO_H 1
| #define HAVE_STDLIB_H 1
| #define HAVE_STRING_H 1
| #define HAVE_INTTYPES_H 1
| #define HAVE_STDINT_H 1
| #define HAVE_STRINGS_H 1
| #define HAVE_SYS_STAT_H 1
| #define HAVE_SYS_TYPES_H 1
| #define HAVE_UNISTD_H 1
| #define STDC_HEADERS 1
| #define HAVE_DLFCN_H 1
| #define LT_OBJDIR ".libs/"
| #define HAVE_FLOAT_H 1
| #define HAVE_INTTYPES_H 1
| #define HAVE_LIMITS_H 1
| #define HAVE_STDDEF_H 1
| #define HAVE_STDLIB_H 1
| #define HAVE_STRING_H 1
| #define HAVE_ASSERT_H 1
| #define HAVE_MATH_H 1
| #define HAVE_UNISTD_H 1
| #define HAVE_SYS_TIME_H 1
| #define HAVE_SYS_TIMES_H 1
| #define HAVE_SYS_RESOURCE_H 1
| #define HAVE_SYS_WAIT_H 1
| #define HAVE_WORKING_THREAD 1
| #define HAVE__BOOL 1
| /* end confdefs.h.  */
| #include <stddef.h>
| #ifdef HAVE_STDIO_H
| # include <stdio.h>
| #endif
| #ifdef HAVE_STDLIB_H
| # include <stdlib.h>
| #endif
| #ifdef HAVE_STRING_H
| # include <string.h>
| #endif
| #ifdef HAVE_INTTYPES_H
| # include <inttypes.h>
| #endif
| #ifdef HAVE_STDINT_H
| # include <stdint.h>
| #endif
| #ifdef HAVE_STRINGS_H
| # include <strings.h>
| #endif
| #ifdef HAVE_SYS_TYPES_H
| # include <sys/types.h>
| #endif
| #ifdef HAVE_SYS_STAT_H
| # include <sys/stat.h>
| #endif
| #ifdef HAVE_UNISTD_H
| # include <unistd.h>
| #endif
| int
| main (void)
| {
| if (sizeof ((size_t)))
| 	    return 0;
|   ;
|   return 0;
| }
configure:18626: result: yes
configure:18636: checking for uint16_t
configure:18636: gcc -c -Wall -Wextra -g -O3  conftest.c >&5
configure:18636: $? = 0
configure:18636: result: yes
configure:18646: checking for uint32_t
configure:18646: gcc -c -Wall -Wextra -g -O3  conftest.c >&5
configure:18646: $? = 0
configure:18646: result: yes
configure:18658: checking for ptrdiff_t
configure:18658: gcc -c -Wall -Wextra -g -O3  conftest.c >&5
configure:18658: $? = 0
configure:18658: gcc -c -Wall -Wextra -g -O3  conftest.c >&5
conftest.c: In function 'main':
conftest.c:69:24: error: expected expression before ')' token
   69 | if (sizeof ((ptrdiff_t)))
      |                        ^
configure:18658: $? = 1
configure: failed program was:
| /* confdefs.h */
| #define PACKAGE_NAME "cudd"
| #define PACKAGE_TARNAME "cudd"
| #define PACKAGE_VERSION "3.0.0"
| #define PACKAGE_STRING "cudd 3.0.0"
| #define PACKAGE_BUGREPORT "Fabio@Colorado.EDU"
| #define PACKAGE_URL ""
| #define PACKAGE "cudd"
| #define VERSION "3.0.0"
| #define HAVE_STDIO_H 1
| #define HAVE_STDLIB_H 1
| #define HAVE_STRING_H 1
| #define HAVE_INTTYPES_H 1
| #define HAVE_STDINT_H 1
| #define HAVE_STRINGS_H 1
| #define HAVE_SYS_STAT_H 1
| #define HAVE_SYS_TYPES_H 1
| #define HAVE_UNISTD_H 1
| #define STDC_HEADERS 1
| #define HAVE_DLFCN_H 1
| #define LT_OBJDIR ".libs/"
| #define HAVE_FLOAT_H 1
| #define HAVE_INTTYPES_H 1
| #define HAVE_LIMITS_H 1
| #define HAVE_STDDEF_H 1
| #define HAVE_STDLIB_H 1
| #define HAVE_STRING_H 1
| #define HAVE_ASSERT_H 1
| #define HAVE_MATH_H 1
| #define HAVE_UNISTD_H 1
| #define HAVE_SYS_TIME_H 1
| #define HAVE_SYS_TIMES_H 1
| #define HAVE_SYS_RESOURCE_H 1
| #define HAVE_SYS_WAIT_H 1
| #define HAVE_WORKING_THREAD 1
| #define HAVE__BOOL 1
| /* end confdefs.h.  */
| #include <stddef.h>
| #ifdef HAVE_STDIO_H
| # include <stdio.h>
| #endif
| #ifdef HAVE_STDLIB_H
| # include <stdlib.h>
| #endif
| #ifdef HAVE_STRING_H
| # include <string.h>
| #endif
| #ifdef HAVE_INTTYPES_H
| # include <inttypes.h>
| #endif
| #ifdef HAVE_STDINT_H
| # include <stdint.h>
| #endif
| #ifdef HAVE_STRINGS_H
| # include <strings.h>
| #endif
| #ifdef HAVE_SYS_TYPES_H
| # include <sys/types.h>
| #endif
| #ifdef HAVE_SYS_STAT_H
| # include <sys/stat.h>
| #endif
| #ifdef HAVE_UNISTD_H
| # include <unistd.h>
| #endif
| int
| main (void)
| {
| if (sizeof ((ptrdiff_t)))
| 	    return 0;
|   ;
|   return 0;
| }
configure:18658: result: yes
configure:18671: checking size of int
configure:18677: gcc -o conftest -Wall -Wextra -g -O3   conftest.c -lm  >&5
configure:18677: $? = 0
configure:18677: ./conftest
configure:18677: $? = 0
configure:18692: result: 4
configure:18704: checking size of long
configure:18710: gcc -o conftest -Wall -Wextra -g -O3   conftest.c -lm  >&5
configure:18710: $? = 0
configure:18710: ./conftest
configure:18710: $? = 0
configure:18725: result: 8
configure:18737: checking size of void *
configure:18743: gcc -o conftest -Wall -Wextra -g -O3   conftest.c -lm  >&5
configure:18743: $? = 0
configure:18743: ./conftest
configure:18743: $? = 0
configure:18758: result: 8
configure:18770: checking size of long double
configure:18776: gcc -o conftest -Wall -Wextra -g -O3   conftest.c -lm  >&5
configure:18776: $? = 0
configure:18776: ./conftest
configure:18776: $? = 0
configure:18791: result: 16
configure:18799: checking whether we are building for a Win32 host
configure:18812: gcc -c -Wall -Wextra -g -O3  conftest.c >&5
configure:18812: $? = 0
configure:18820: result: no
configure:18835: checking whether enough of C++11 is supported
configure:18855: g++ -c -Wall -Wextra -std=c++0x -g -O3  conftest.cpp >&5
conftest.cpp: In function 'int main()':
conftest.cpp:46:9: warning: unused variable 'p' [-Wunused-variable]
   46 |   void *p = nullptr;
      |         ^
configure:18855: $? = 0
configure:18869: result: yes
configure:18883: checking for pow
configure:18883: gcc -o conftest -Wall -Wextra -g -O3   conftest.c -lm  >&5
conftest.c:60:6: warning: conflicting types for built-in function 'pow'; expected 'double(double,  double)' [-Wbuiltin-declaration-mismatch]
   60 | char pow ();
      |      ^~~
conftest.c:52:1: note: 'pow' is declared in header '<math.h>'
   51 | #include <limits.h>
   52 | #undef pow
configure:18883: $? = 0
configure:18883: result: yes
configure:18883: checking for sqrt
configure:18883: gcc -o conftest -Wall -Wextra -g -O3   conftest.c -lm  >&5
conftest.c:61:6: warning: conflicting types for built-in function 'sqrt'; expected 'double(double)' [-Wbuiltin-declaration-mismatch]
   61 | char sqrt ();
      |      ^~~~
conftest.c:53:1: note: 'sqrt' is declared in header '<math.h>'
   52 | #include <limits.h>
   53 | #undef sqrt
configure:18883: $? = 0
configure:18883: result: yes
configure:18883: checking for strchr
configure:18883: gcc -o conftest -Wall -Wextra -g -O3   conftest.c -lm  >&5
conftest.c:62:6: warning: conflicting types for built-in function 'strchr'; expected 'char *(const char *, int)' [-Wbuiltin-declaration-mismatch]
   62 | char strchr ();
      |      ^~~~~~
conftest.c:54:1: note: 'strchr' is declared in header '<string.h>'
   53 | #include <limits.h>
   54 | #undef strchr
configure:18883: $? = 0
configure:18883: result: yes
configure:18883: checking for strstr
configure:18883: gcc -o conftest -Wall -Wextra -g -O3   conftest.c -lm  >&5
conftest.c:63:6: warning: conflicting types for built-in function 'strstr'; expected 'char *(const char *, const char *)' [-Wbuiltin-declaration-mismatch]
   63 | char strstr ();
      |      ^~~~~~
conftest.c:55:1: note: 'strstr' is declared in header '<string.h>'
   54 | #include <limits.h>
   55 | #undef strstr
configure:18883: $? = 0
configure:18883: result: yes
configure:18899: checking for powl
configure:18899: gcc -o conftest -Wall -Wextra -g -O3   conftest.c -lm  >&5
conftest.c:64:6: warning: conflicting types for built-in function 'powl'; expected 'long double(long double,  long double)' [-Wbuiltin-declaration-mismatch]
   64 | char powl ();
      |      ^~~~
conftest.c:56:1: note: 'powl' is declared in header '<math.h>'
   55 | #include <limits.h>
   56 | #undef powl
configure:18899: $? = 0
configure:18899: result: yes
configure:18905: checking for gethostname
configure:18905: gcc -o conftest -Wall -Wextra -g -O3   conftest.c -lm  >&5
configure:18905: $? = 0
configure:18905: result: yes
configure:18911: checking for getrlimit
configure:18911: gcc -o conftest -Wall -Wextra -g -O3   conftest.c -lm  >&5
configure:18911: $? = 0
configure:18911: result: yes
configure:18917: checking for getrusage
configure:18917: gcc -o conftest -Wall -Wextra -g -O3   conftest.c -lm  >&5
configure:18917: $? = 0
configure:18917: result: yes
configure:18923: checking for sysconf
configure:18923: gcc -o conftest -Wall -Wextra -g -O3   conftest.c -lm  >&5
configure:18923: $? = 0
configure:18923: result: yes
configure:18933: checking for +Infinity (IEEE 754 floating point)
configure:18954: gcc -o conftest -Wall -Wextra -g -O3   conftest.c -lm  >&5
conftest.c:55:1: warning: return type defaults to 'int' [-Wimplicit-int]
   55 | main(void)
      | ^~~~
configure:18954: $? = 0
configure:18954: ./conftest
configure:18954: $? = 0
configure:18987: result: yes
configure:19116: checking that generated files are newer than configure
configure:19122: result: done
configure:19178: creating ./config.status

## ---------------------- ##
## Running config.status. ##
## ---------------------- ##

This file was extended by cudd config.status 3.0.0, which was
generated by GNU Autoconf 2.71.  Invocation command line was

  CONFIG_FILES    = 
  CONFIG_HEADERS  = 
  CONFIG_LINKS    = 
  CONFIG_COMMANDS = 
  $ ./config.status 

on DESKTOP-DMHLB5E

config.status:1204: creating Makefile
config.status:1204: creating dddmp/exp/test1.sh
config.status:1204: creating dddmp/exp/test2.sh
config.status:1204: creating dddmp/exp/test3.sh
config.status:1204: creating dddmp/exp/test4.sh
config.status:1204: creating dddmp/exp/test5.sh
config.status:1204: creating dddmp/exp/test6.sh
config.status:1204: creating dddmp/exp/test7.sh
config.status:1204: creating config.h
config.status:1433: executing depfiles commands
config.status:1510: cd .       && sed -e '/# am--include-marker/d' Makefile         | make -f - am--depfiles
config.status:1515: $? = 0
config.status:1433: executing libtool commands

## ---------------- ##
## Cache variables. ##
## ---------------- ##

ac_cv_build=x86_64-unknown-linux-gnu
ac_cv_c_bigendian=no
ac_cv_c_compiler_gnu=yes
ac_cv_c_inline=inline
ac_cv_c_uint16_t=yes
ac_cv_c_uint32_t=yes
ac_cv_cxx_compiler_gnu=yes
ac_cv_env_CCC_set=
ac_cv_env_CCC_value=
ac_cv_env_CC_set=
ac_cv_env_CC_value=
ac_cv_env_CFLAGS_set=
ac_cv_env_CFLAGS_value=
ac_cv_env_CPPFLAGS_set=
ac_cv_env_CPPFLAGS_value=
ac_cv_env_CXXCPP_set=
ac_cv_env_CXXCPP_value=
ac_cv_env_CXXFLAGS_set=
ac_cv_env_CXXFLAGS_value=
ac_cv_env_CXX_set=
ac_cv_env_CXX_value=
ac_cv_env_LDFLAGS_set=
ac_cv_env_LDFLAGS_value=
ac_cv_env_LIBS_set=
ac_cv_env_LIBS_value=
ac_cv_env_LT_SYS_LIBRARY_PATH_set=
ac_cv_env_LT_SYS_LIBRARY_PATH_value=
ac_cv_env_build_alias_set=
ac_cv_env_build_alias_value=
ac_cv_env_host_alias_set=
ac_cv_env_host_alias_value=
ac_cv_env_target_alias_set=
ac_cv_env_target_alias_value=
ac_cv_func_gethostname=yes
ac_cv_func_getrlimit=yes
ac_cv_func_getrusage=yes
ac_cv_func_pow=yes
ac_cv_func_powl=yes
ac_cv_func_sqrt=yes
ac_cv_func_strchr=yes
ac_cv_func_strstr=yes
ac_cv_func_sysconf=yes
ac_cv_have_ieee_754=yes
ac_cv_have_modern_cxx=yes
ac_cv_header_assert_h=yes
ac_cv_header_dlfcn_h=yes
ac_cv_header_float_h=yes
ac_cv_header_inttypes_h=yes
ac_cv_header_limits_h=yes
ac_cv_header_math_h=yes
ac_cv_header_stdbool_h=yes
ac_cv_header_stddef_h=yes
ac_cv_header_stdint_h=yes
ac_cv_header_stdio_h=yes
ac_cv_header_stdlib_h=yes
ac_cv_header_string_h=yes
ac_cv_header_strings_h=yes
ac_cv_header_sys_resource_h=yes
ac_cv_header_sys_stat_h=yes
ac_cv_header_sys_time_h=yes
ac_cv_header_sys_times_h=yes
ac_cv_header_sys_types_h=yes
ac_cv_header_sys_wait_h=yes
ac_cv_header_unistd_h=yes
ac_cv_host=x86_64-unknown-linux-gnu
ac_cv_lib_pthread_pthread_create=yes
ac_cv_objext=o
ac_cv_path_EGREP='/usr/bin/grep -E'
ac_cv_path_FGREP='/usr/bin/grep -F'
ac_cv_path_GREP=/usr/bin/grep
ac_cv_path_SED=/usr/bin/sed
ac_cv_path_install='/usr/bin/install -c'
ac_cv_path_lt_DD=/usr/bin/dd
ac_cv_path_mkdir=/usr/bin/mkdir
ac_cv_prog_AWK=gawk
ac_cv_prog_CXXCPP='g++ -E'
ac_cv_prog_ac_ct_AR=ar
ac_cv_prog_ac_ct_CC=gcc
ac_cv_prog_ac_ct_CXX=g++
ac_cv_prog_ac_ct_FILECMD=file
ac_cv_prog_ac_ct_OBJDUMP=objdump
ac_cv_prog_ac_ct_RANLIB=ranlib
ac_cv_prog_ac_ct_STRIP=strip
ac_cv_prog_cc_c11=
ac_cv_prog_cc_g=yes
ac_cv_prog_cc_stdc=
ac_cv_prog_cxx_cxx11=
ac_cv_prog_cxx_g=yes
ac_cv_prog_cxx_stdcxx=
ac_cv_prog_make_make_set=yes
ac_cv_search_GetProcessMemoryInfo=no
ac_cv_search_WSAStartup=no
ac_cv_search_pow=-lm
ac_cv_sizeof_int=4
ac_cv_sizeof_long=8
ac_cv_sizeof_long_double=16
ac_cv_sizeof_void_p=8
ac_cv_type__Bool=yes
ac_cv_type_ptrdiff_t=yes
ac_cv_type_size_t=yes
am_cv_CC_dependencies_compiler_type=gcc3
am_cv_CXX_dependencies_compiler_type=gcc3
am_cv_ar_interface=ar
am_cv_make_support_nested_variables=yes
am_cv_prog_cc_c_o=yes
lt_cv_ar_at_file=@
lt_cv_deplibs_check_method=pass_all
lt_cv_file_magic_cmd='$MAGIC_CMD'
lt_cv_file_magic_test_file=
lt_cv_ld_reload_flag=-r
lt_cv_nm_interface='BSD nm'
lt_cv_objdir=.libs
lt_cv_path_LD=/usr/bin/ld
lt_cv_path_LDCXX='/usr/bin/ld -m elf_x86_64'
lt_cv_path_NM='/usr/bin/nm -B'
lt_cv_path_mainfest_tool=no
lt_cv_prog_compiler_c_o=yes
lt_cv_prog_compiler_c_o_CXX=yes
lt_cv_prog_compiler_pic='-fPIC -DPIC'
lt_cv_prog_compiler_pic_CXX='-fPIC -DPIC'
lt_cv_prog_compiler_pic_works=yes
lt_cv_prog_compiler_pic_works_CXX=yes
lt_cv_prog_compiler_rtti_exceptions=no
lt_cv_prog_compiler_static_works=yes
lt_cv_prog_compiler_static_works_CXX=yes
lt_cv_prog_gnu_ld=yes
lt_cv_prog_gnu_ldcxx=yes
lt_cv_sharedlib_from_linklib_cmd='printf %s\n'
lt_cv_shlibpath_overrides_runpath=yes
lt_cv_sys_global_symbol_pipe='/usr/bin/sed -n -e '\''s/^.*[	 ]\([ABCDGIRSTW][ABCDGIRSTW]*\)[	 ][	 ]*\([_A-Za-z][_A-Za-z0-9]*\)$/\1 \2 \2/p'\'' | /usr/bin/sed '\''/ __gnu_lto/d'\'''
lt_cv_sys_global_symbol_to_c_name_address='/usr/bin/sed -n -e '\''s/^: \(.*\) .*$/  {"\1", (void *) 0},/p'\'' -e '\''s/^[ABCDGIRSTW][ABCDGIRSTW]* .* \(.*\)$/  {"\1", (void *) \&\1},/p'\'''
lt_cv_sys_global_symbol_to_c_name_address_lib_prefix='/usr/bin/sed -n -e '\''s/^: \(.*\) .*$/  {"\1", (void *) 0},/p'\'' -e '\''s/^[ABCDGIRSTW][ABCDGIRSTW]* .* \(lib.*\)$/  {"\1", (void *) \&\1},/p'\'' -e '\''s/^[ABCDGIRSTW][ABCDGIRSTW]* .* \(.*\)$/  {"lib\1", (void *) \&\1},/p'\'''
lt_cv_sys_global_symbol_to_cdecl='/usr/bin/sed -n -e '\''s/^T .* \(.*\)$/extern int \1();/p'\'' -e '\''s/^[ABCDGIRSTW][ABCDGIRSTW]* .* \(.*\)$/extern char \1;/p'\'''
lt_cv_sys_global_symbol_to_import=
lt_cv_sys_max_cmd_len=1572864
lt_cv_to_host_file_cmd=func_convert_file_noop
lt_cv_to_tool_file_cmd=func_convert_file_noop
lt_cv_truncate_bin='/usr/bin/dd bs=4096 count=1'
mingw_cv_win32_host=no

## ----------------- ##
## Output variables. ##
## ----------------- ##

ACLOCAL='${SHELL} '\''/home/quibuithanh/petri_net_project/cudd/build-aux/missing'\'' aclocal-1.16'
AMDEPBACKSLASH='\'
AMDEP_FALSE='#'
AMDEP_TRUE=''
AMTAR='$${TAR-tar}'
AM_BACKSLASH='\'
AM_DEFAULT_V='$(AM_DEFAULT_VERBOSITY)'
AM_DEFAULT_VERBOSITY='0'
AM_V='$(V)'
AR='ar'
AS='as'
AUTOCONF='${SHELL} '\''/home/quibuithanh/petri_net_project/cudd/build-aux/missing'\'' autoconf'
AUTOHEADER='${SHELL} '\''/home/quibuithanh/petri_net_project/cudd/build-aux/missing'\'' autoheader'
AUTOMAKE='${SHELL} '\''/home/quibuithanh/petri_net_project/cudd/build-aux/missing'\'' automake-1.16'
AWK='gawk'
CC='gcc'
CCDEPMODE='depmode=gcc3'
CFLAGS='-Wall -Wextra -g -O3'
CPPFLAGS=''
CROSS_COMPILING_FALSE=''
CROSS_COMPILING_TRUE='#'
CSCOPE='cscope'
CTAGS='ctags'
CXX='g++'
CXXCPP='g++ -E'
CXXDEPMODE='depmode=gcc3'
CXXFLAGS='-Wall -Wextra -std=c++0x -g -O3'
CYGPATH_W='echo'
DDDMP_FALSE=''
DDDMP_TRUE='#'
DEFS='-DHAVE_CONFIG_H'
DEPDIR='.deps'
DLLTOOL='false'
DOXYGEN=''
DSYMUTIL=''
DUMPBIN=''
ECHO_C=''
ECHO_N='-n'
ECHO_T=''
EGREP='/usr/bin/grep -E'
ETAGS='etags'
EXEEXT=''
FGREP='/usr/bin/grep -F'
FILECMD='file'
GREP='/usr/bin/grep'
HAVE_DOXYGEN_FALSE=''
HAVE_DOXYGEN_TRUE='#'
HAVE_PDFLATEX_FALSE=''
HAVE_PDFLATEX_TRUE='#'
HAVE_PTHREADS_FALSE='#'
HAVE_PTHREADS_TRUE=''
INSTALL_DATA='${INSTALL} -m 644'
INSTALL_PROGRAM='${INSTALL}'
INSTALL_SCRIPT='${INSTALL}'
INSTALL_STRIP_PROGRAM='$(install_sh) -c -s'
LD='/usr/bin/ld -m elf_x86_64'
LDFLAGS=''
LIBOBJS=''
LIBS='-lm '
LIBTOOL='$(SHELL) $(top_builddir)/libtool'
LIPO=''
LN_S='ln -s'
LTLIBOBJS=''
LT_SYS_LIBRARY_PATH=''
MAKEINDEX=''
MAKEINFO='${SHELL} '\''/home/quibuithanh/petri_net_project/cudd/build-aux/missing'\'' makeinfo'
MANIFEST_TOOL=':'
MINGW64_FALSE=''
MINGW64_TRUE='#'
MKDIR_P='/usr/bin/mkdir -p'
NM='/usr/bin/nm -B'
NMEDIT=''
OBJDUMP='objdump'
OBJEXT='o'
OBJ_FALSE='#'
OBJ_TRUE=''
OTOOL64=''
OTOOL=''
PACKAGE='cudd'
PACKAGE_BUGREPORT='Fabio@Colorado.EDU'
PACKAGE_NAME='cudd'
PACKAGE_STRING='cudd 3.0.0'
PACKAGE_TARNAME='cudd'
PACKAGE_URL=''
PACKAGE_VERSION='3.0.0'
PATH_SEPARATOR=':'
PDFLATEX=''
RANLIB='ranlib'
SED='/usr/bin/sed'
SET_MAKE=''
SHELL='/bin/bash'
STRIP='strip'
VERSION='3.0.0'
ac_ct_AR='ar'
ac_ct_CC='gcc'
ac_ct_CXX='g++'
ac_ct_DUMPBIN=''
am__EXEEXT_FALSE=''
am__EXEEXT_TRUE='#'
am__fastdepCC_FALSE='#'
am__fastdepCC_TRUE=''
am__fastdepCXX_FALSE='#'
am__fastdepCXX_TRUE=''
am__include='include'
am__isrc=''
am__leading_dot='.'
am__nodep='_no'
am__quote=''
am__tar='$${TAR-tar} chof - "$$tardir"'
am__untar='$${TAR-tar} xf -'
bindir='${exec_prefix}/bin'
build='x86_64-unknown-linux-gnu'
build_alias=''
build_cpu='x86_64'
build_os='linux-gnu'
build_vendor='unknown'
datadir='${datarootdir}'
datarootdir='${prefix}/share'
docdir='${datarootdir}/doc/${PACKAGE_TARNAME}'
dvidir='${docdir}'
exec_prefix='${prefix}'
host='x86_64-unknown-linux-gnu'
host_alias=''
host_cpu='x86_64'
host_os='linux-gnu'
host_vendor='unknown'
htmldir='${docdir}'
includedir='${prefix}/include'
infodir='${datarootdir}/info'
install_sh='${SHELL} /home/quibuithanh/petri_net_project/cudd/build-aux/install-sh'
libdir='${exec_prefix}/lib'
libexecdir='${exec_prefix}/libexec'
localedir='${datarootdir}/locale'
localstatedir='${prefix}/var'
mandir='${datarootdir}/man'
mkdir_p='$(MKDIR_P)'
oldincludedir='/usr/include'
pdfdir='${docdir}'
prefix='/home/quibuithanh/petri_net_project/cudd/local_install'
program_transform_name='s,x,x,'
psdir='${docdir}'
runstatedir='${localstatedir}/run'
sbindir='${exec_prefix}/sbin'
sharedstatedir='${prefix}/com'
sysconfdir='${prefix}/etc'
target_alias=''

## ----------- ##
## confdefs.h. ##
## ----------- ##

/* confdefs.h */
#define PACKAGE_NAME "cudd"
#define PACKAGE_TARNAME "cudd"
#define PACKAGE_VERSION "3.0.0"
#define PACKAGE_STRING "cudd 3.0.0"
#define PACKAGE_BUGREPORT "Fabio@Colorado.EDU"
#define PACKAGE_URL ""
#define PACKAGE "cudd"
#define VERSION "3.0.0"
#define HAVE_STDIO_H 1
#define HAVE_STDLIB_H 1
#define HAVE_STRING_H 1
#define HAVE_INTTYPES_H 1
#define HAVE_STDINT_H 1
#define HAVE_STRINGS_H 1
#define HAVE_SYS_STAT_H 1
#define HAVE_SYS_TYPES_H 1
#define HAVE_UNISTD_H 1
#define STDC_HEADERS 1
#define HAVE_DLFCN_H 1
#define LT_OBJDIR ".libs/"
#define HAVE_FLOAT_H 1
#define HAVE_INTTYPES_H 1
#define HAVE_LIMITS_H 1
#define HAVE_STDDEF_H 1
#define HAVE_STDLIB_H 1
#define HAVE_STRING_H 1
#define HAVE_ASSERT_H 1
#define HAVE_MATH_H 1
#define HAVE_UNISTD_H 1
#define HAVE_SYS_TIME_H 1
#define HAVE_SYS_TIMES_H 1
#define HAVE_SYS_RESOURCE_H 1
#define HAVE_SYS_WAIT_H 1
#define HAVE_WORKING_THREAD 1
#define HAVE__BOOL 1
#define HAVE_PTRDIFF_T 1
#define SIZEOF_INT 4
#define SIZEOF_LONG 8
#define SIZEOF_VOID_P 8
#define SIZEOF_LONG_DOUBLE 16
#define HAVE_MODERN_CXX 1
#define HAVE_POW 1
#define HAVE_SQRT 1
#define HAVE_STRCHR 1
#define HAVE_STRSTR 1
#define HAVE_POWL 1
#define HAVE_GETHOSTNAME 1
#define HAVE_GETRLIMIT 1
#define HAVE_GETRUSAGE 1
#define HAVE_SYSCONF 1
#define HAVE_IEEE_754 1

configure: exit 0

## ---------------------- ##
## Running config.status. ##
## ---------------------- ##

This file was extended by cudd config.status 3.0.0, which was
generated by GNU Autoconf 2.71.  Invocation command line was

  CONFIG_FILES    = 
  CONFIG_HEADERS  = 
  CONFIG_LINKS    = 
  CONFIG_COMMANDS = 
  $ ./config.status config.h

on DESKTOP-DMHLB5E

config.status:1204: creating config.h
config.status:1385: config.h is unchanged
